pytest : C:\Users\Ryan\anaconda3\Lib\site-packages\pytest_asyncio
\plugin.py:208: PytestDeprecationWarning: The configuration 
option "asyncio_default_fixture_loop_scope" is unset.
At line:1 char:1
+ pytest tests/test_e2e.py -s > test_output.txt 2>&1
+ ~~~~~~~~~~~~~~~~~~~~~~~~~~~~~~~~~~~~~~~~~~~~~~~~~~
    + CategoryInfo          : NotSpecified: (C:\Users\Ryan\a...  
  cope" is unset.:String) [], RemoteException
    + FullyQualifiedErrorId : NativeCommandError
 
The event loop scope for asynchronous fixtures will default to 
the fixture caching scope. Future versions of pytest-asyncio 
will default the loop scope for asynchronous fixtures to 
function scope. Set the default fixture loop scope explicitly in 
order to avoid unexpected behavior in the future. Valid fixture 
loop scopes are: "function", "class", "module", "package", 
"session"

  warnings.warn(PytestDeprecationWarning(_DEFAULT_FIXTURE_LOOP_SC
OPE_UNSET))
============================= test session starts =============================
platform win32 -- Python 3.11.5, pytest-8.2.2, pluggy-1.6.0
rootdir: C:\School\Y4\adv-web-dev\final-assignment\advanced-web-dev-2025-fall\backend
plugins: anyio-3.5.0, asyncio-0.24.0
asyncio: mode=Mode.STRICT, default_loop_scope=None
collected 3 items

tests\test_e2e.py C:\School\Y4\adv-web-dev\final-assignment\advanced-web-dev-2025-fall\backend\app\..\static\frontend
 * Serving Flask app 'app'
 * Debug mode: off
.test-user-123 test@example.com Test User
.DEBUG: Waiting for Create Task button...
DEBUG: Clicked Create Task button
DEBUG: Waiting for Modal...
DEBUG: Filling Title...
DEBUG: Selecting Days...
DEBUG: Selecting Category...
DEBUG: Clicking Create...
Work
DEBUG: Waiting for task to appear...
DEBUG: Starting Edit Task...
DEBUG: Starting Complete Task...
<TaskOccurrences id=2 task_id=1 date=2025-12-10 23:59:59.999999>
DEBUG: Starting Delete Task...
.

============================== warnings summary ===============================
tests/test_e2e.py::test_auth_bypass_and_dashboard_access
tests/test_e2e.py::test_task_lifecycle
  C:\School\Y4\adv-web-dev\final-assignment\advanced-web-dev-2025-fall\backend\app\services\user_service.py:26: LegacyAPIWarning: The Query.get() method is considered legacy as of the 1.x series of SQLAlchemy and becomes a legacy construct in 2.0. The method is now available as Session.get() (deprecated since: 2.0) (Background on SQLAlchemy 2.0 at: https://sqlalche.me/e/b8d9)
    return User.query.get(user_id)

-- Docs: https://docs.pytest.org/en/stable/how-to/capture-warnings.html
======================= 3 passed, 2 warnings in 20.90s ========================
